AAAAAAAAAANJAAAA|Christina           |Watson                        |N|SERBIA|
AAAAAAAAAAOOAAAA|Roger               |Harper                        |N|GERMANY|
AAAAAAAAABDLAAAA|Thelma              |Bromley                       |Y|PAKISTAN|
AAAAAAAAABGFAAAA|Gregory             |Smith                         |N|LIECHTENSTEIN|
AAAAAAAAABPPAAAA|Marcus              |Hall                          |Y|KYRGYZSTAN|
AAAAAAAAACABAAAA|Delbert             |Wilson                        |N|UGANDA|
AAAAAAAAADECAAAA|Pauline             |Gunther                       |Y|JAPAN|
AAAAAAAAADMDAAAA|Antonio             |Stone                         |N|ALAND ISLANDS|
AAAAAAAAAEECAAAA|Anne                |Stinnett                      |Y|MALTA|
AAAAAAAAAEOCBAAA|James               |Hicks                         |Y|ROMANIA|
AAAAAAAAAFDMAAAA|Linda               |Jones                         |Y|BHUTAN|
AAAAAAAAAFGDAAAA|Melissa             |Mercado                       |N|ANDORRA|
AAAAAAAAAFJNAAAA|Robert              |Buchanan                      |N|VIRGIN ISLANDS, U.S.|
AAAAAAAAAFMMAAAA|Daryl               |Campbell                      |N|HONDURAS|
AAAAAAAAAFMMAAAA|Daryl               |Campbell                      |N|HONDURAS|
AAAAAAAAAFMMAAAA|Daryl               |Campbell                      |N|HONDURAS|
AAAAAAAAAFMMAAAA|Daryl               |Campbell                      |N|HONDURAS|
AAAAAAAAAGDGAAAA|Thomas              |Castillo                      |Y|ALAND ISLANDS|
AAAAAAAAAHNJAAAA|Dorothy             |Mcclendon                     |Y|SLOVENIA|
AAAAAAAAAHNJAAAA|Dorothy             |Mcclendon                     |Y|SLOVENIA|
AAAAAAAAAHNJAAAA|Dorothy             |Mcclendon                     |Y|SLOVENIA|
AAAAAAAAAHNJAAAA|Dorothy             |Mcclendon                     |Y|SLOVENIA|
AAAAAAAAAIJOAAAA|Elise               |Cook                          |Y|SAN MARINO|
AAAAAAAAAJAFAAAA|Susan               |Mcpherson                     |N|MALTA|
AAAAAAAAAJEBAAAA|Vance               |Walls                         |N|COSTA RICA|
AAAAAAAAAJHJAAAA|Wilma               |Jenkins                       |Y|ZIMBABWE|
AAAAAAAAAKINAAAA|Wendy               |Jenkins                       |N|TAJIKISTAN|
AAAAAAAAAKMCBAAA|Nathan              |Brown                         |Y|ITALY|
AAAAAAAAAKOEBAAA|Dianna              |Allen                         |Y|BOTSWANA|
AAAAAAAAAKPAAAAA|Michael             |Cross                         |Y|SOUTH AFRICA|
AAAAAAAAALHBBAAA|Shelley             |Minter                        |Y|THAILAND|
AAAAAAAAAOHBAAAA|Thomas              |Cohen                         |N|KUWAIT|
AAAAAAAAAOIPAAAA|Jacqueline          |Freeman                       |N|OMAN|
AAAAAAAAAPAJAAAA|Jerry               |Fredrick                      |N|ESTONIA|
AAAAAAAAAPCEAAAA|Francis             |Thompson                      |Y|MALDIVES|
AAAAAAAAAPKJAAAA|Elizabeth           |Pepper                        |Y|NICARAGUA|
AAAAAAAABADJAAAA|Lyle                |Beck                          |Y|JERSEY|
AAAAAAAABAFJAAAA|Kevin               |Kelley                        |Y|OMAN|
AAAAAAAABBAPAAAA|Timothy             |Clark                         |N|SWITZERLAND|
AAAAAAAABBBABAAA|Jeffrey             |Foster                        |N|CHRISTMAS ISLAND|
AAAAAAAABBDHBAAA|David               |Cross                         |N|ZAMBIA|
AAAAAAAABBDKAAAA|Willis              |Gough                         |N|KIRIBATI|
AAAAAAAABBIFBAAA|Beverly             |Hardy                         |Y|FINLAND|
AAAAAAAABBLFAAAA|Patsy               |Rudd                          |Y|MOZAMBIQUE|
AAAAAAAABCAEBAAA|Gary                |Rice                          |N|SURINAME|
AAAAAAAABCBDBAAA|Brian               |Raley                         |N|HUNGARY|
AAAAAAAABCJFAAAA|Stephen             |Fountain                      |Y|ALGERIA|
AAAAAAAABCJIAAAA|Troy                |Tucker                        |N|CZECH REPUBLIC|
AAAAAAAABCKOAAAA|Louise              |Epps                          |N|PERU|
AAAAAAAABCMBBAAA|Dan                 |Fryer                         |N|CANADA|
AAAAAAAABDENAAAA|Thomas              |Simon                         |N|DJIBOUTI|
AAAAAAAABDNDBAAA|Maurice             |Stevens                       |Y|SURINAME|
AAAAAAAABEFCAAAA|Nellie              |Thornhill                     |Y|BRAZIL|
AAAAAAAABEKGBAAA|William             |Amaya                         |N|HONDURAS|
AAAAAAAABFFGAAAA|Lorina              |Merritt                       |N|FRENCH POLYNESIA|
AAAAAAAABGCEBAAA|Sean                |Weeks                         |N|NEW CALEDONIA|
AAAAAAAABGIKAAAA|Douglas             |Thompson                      |Y|EQUATORIAL GUINEA|
AAAAAAAABGOFBAAA|Marcus              |Ward                          |N|ARMENIA|
AAAAAAAABHDEAAAA|Alex                |Jones                         |Y|AUSTRALIA|
AAAAAAAABHEGBAAA|Paul                |Nash                          |Y|SRI LANKA|
AAAAAAAABIEHAAAA|Lloyd               |Lopez                         |Y|BRUNEI DARUSSALAM|
AAAAAAAABIHCAAAA|Courtney            |Nelson                        |N|BOTSWANA|
AAAAAAAABIIDAAAA|Paul                |Stevenson                     |N|BARBADOS|
AAAAAAAABJDHAAAA|Brenda              |Salinas                       |Y|DOMINICA|
AAAAAAAABJPAAAAA|Douglas             |Smith                         |Y|JAPAN|
AAAAAAAABJPGAAAA|Jennifer            |Thornton                      |N|INDIA|
AAAAAAAABKFKAAAA|Howard              |Puckett                       |Y|TUVALU|
AAAAAAAABKLFBAAA|Thomas              |Barrera                       |Y|SERBIA|
AAAAAAAABLCAAAAA|Jolene              |Hawkins                       |N|KUWAIT|
AAAAAAAABLJBBAAA|Kellie              |Young                         |N|MONACO|
AAAAAAAABMGBBAAA|Donald              |Perry                         |Y|BOUVET ISLAND|
AAAAAAAABMLCAAAA|Lisa                |Jefferson                     |Y|PALAU|
AAAAAAAABNKEAAAA|Lewis               |Castle                        |N|PORTUGAL|
AAAAAAAABOAMAAAA|Paul                |Simmons                       |N|BARBADOS|
AAAAAAAABOBFAAAA|Douglas             |Aguilar                       |N|SERBIA|
AAAAAAAABONPAAAA|Ruth                |Street                        |N|MOROCCO|
AAAAAAAABPAIAAAA|Gwendolyn           |Cage                          |N|ETHIOPIA|
AAAAAAAABPDDAAAA|Frieda              |Cross                         |Y|ANGOLA|
AAAAAAAABPJCBAAA|Margaret            |Martin                        |Y|MOZAMBIQUE|
AAAAAAAACAIEBAAA|Ed                  |Terry                         |N|ANTIGUA AND BARBUDA|
AAAAAAAACANEAAAA|Christina           |Buckingham                    |Y|AUSTRALIA|
AAAAAAAACBIOAAAA|Marsha              |Khan                          |N|CHRISTMAS ISLAND|
AAAAAAAACBLCAAAA|Eric                |Hatfield                      |Y|KAZAKHSTAN|
AAAAAAAACBOCAAAA|Judy                |Jones                         |N|GABON|
AAAAAAAACCCFBAAA|Shelley             |Evans                         |N|GUINEA-BISSAU|
AAAAAAAACCIIAAAA|Kathy               |Hull                          |Y|IRAQ|
AAAAAAAACDOFBAAA|Gwen                |Prince                        |N|LEBANON|
AAAAAAAACDPHAAAA|Rosalie             |Simmons                       |Y|DENMARK|
AAAAAAAACEKEBAAA|Jana                |Carter                        |Y|AUSTRALIA|
AAAAAAAACEPEAAAA|Antonio             |Wade                          |N|TURKEY|
AAAAAAAACFPGAAAA|Tessie              |Heath                         |N|NAURU|
AAAAAAAACGIKAAAA|Marilyn             |Pringle                       |Y|VENEZUELA|
AAAAAAAACHAGBAAA|Phyllis             |Rucker                        |N|SURINAME|
AAAAAAAACHAOAAAA|Teresa              |Hewitt                        |N|SIERRA LEONE|
AAAAAAAACIELAAAA|Samuel              |Baker                         |N|BRUNEI DARUSSALAM|
AAAAAAAACJKCBAAA|Tammy               |Lott                          |Y|ANTARCTICA|
AAAAAAAACJOGAAAA|Isabell             |Hernandez                     |N|INDIA|
AAAAAAAACKDJAAAA|Emma                |Daughtry                      |N|SPAIN|
AAAAAAAACKKABAAA|Justin              |Williams                      |Y|QATAR|
AAAAAAAACKNBBAAA|Annette             |Winters                       |Y|KOREA, REPUBLIC OF|
AAAAAAAACKOCAAAA|Joleen              |Olson                         |N|UNITED KINGDOM|
AAAAAAAACLLCAAAA|Ronald              |Martin                        |Y|CZECH REPUBLIC|
AAAAAAAACMHFAAAA|Robert              |Apple                         |Y|PHILIPPINES|
AAAAAAAACMNEAAAA|Melissa             |Daniel                        |N|PUERTO RICO|
AAAAAAAACNEAAAAA|Darcy               |Davenport                     |Y|GREENLAND|
AAAAAAAACNECBAAA|Fred                |Jackson                       |Y|MYANMAR|
AAAAAAAACNKMAAAA|Barbara             |Williams                      |Y|SERBIA|
AAAAAAAACPBGBAAA|Lori                |Acker                         |Y|ANTARCTICA|
AAAAAAAACPGHBAAA|James               |Dickson                       |Y|PANAMA|
AAAAAAAACPMCBAAA|Pearl               |Lee                           |Y|GHANA|
AAAAAAAADAAIAAAA|Gerda               |Brandon                       |N|PHILIPPINES|
AAAAAAAADANAAAAA|Kathryn             |Marcum                        |N|ANGUILLA|
AAAAAAAADBKJAAAA|Gloria              |Green                         |Y|PAPUA NEW GUINEA|
AAAAAAAADBLFBAAA|Christopher         |Gutierrez                     |N|ROMANIA|
AAAAAAAADBLOAAAA|John                |Hatfield                      |Y|MALAWI|
AAAAAAAADBLOAAAA|John                |Hatfield                      |Y|MALAWI|
AAAAAAAADBLOAAAA|John                |Hatfield                      |Y|MALAWI|
AAAAAAAADBLOAAAA|John                |Hatfield                      |Y|MALAWI|
AAAAAAAADCPGAAAA|Leanne              |Ortiz                         |Y|NETHERLANDS|
AAAAAAAADDENAAAA|Alejandro           |Doyle                         |Y|SAN MARINO|
AAAAAAAADEBEBAAA|Michelle            |Crowell                       |N|AUSTRIA|
AAAAAAAADEJGAAAA|Richard             |Daniels                       |Y|MONTSERRAT|
AAAAAAAADEMAAAAA|Marylou             |Vernon                        |Y|SERBIA|
AAAAAAAADEOGBAAA|Brenda              |Lackey                        |N|UGANDA|
AAAAAAAADFDDAAAA|Shane               |Worthington                   |Y|NIGER|
AAAAAAAADFDFBAAA|Jane                |Marshall                      |Y|DOMINICA|
AAAAAAAADFKDBAAA|Amos                |Butler                        |N|ROMANIA|
AAAAAAAADFNEBAAA|Evangeline          |Griggs                        |N|SWAZILAND|
AAAAAAAADGBABAAA|Mildred             |Fultz                         |N|PARAGUAY|
AAAAAAAADGBEAAAA|Daniel              |Radford                       |N|ALBANIA|
AAAAAAAADGDMAAAA|Dorothy             |Oswald                        |Y|RUSSIAN FEDERATION|
AAAAAAAADGKLAAAA|Colleen             |Mcclain                       |N|NEW ZEALAND|
AAAAAAAADHANAAAA|Jeremy              |Moore                         |N|TONGA|
AAAAAAAADHMLAAAA|Thomas              |Lowe                          |N|ITALY|
AAAAAAAADIKDBAAA|Jesse               |Simmons                       |Y|HONDURAS|
AAAAAAAADJKCBAAA|Brook               |Jefferson                     |N|MONTSERRAT|
AAAAAAAADJMGAAAA|Elsie               |Coates                        |N|MALAYSIA|
AAAAAAAADKEDBAAA|Karen               |Tomlinson                     |N|UGANDA|
AAAAAAAADKGLAAAA|Jennifer            |Slattery                      |Y|GAMBIA|
AAAAAAAADKIBBAAA|Marjorie            |Peck                          |Y|FRANCE|
AAAAAAAADLODAAAA|Roxanna             |Arnold                        |N|ALGERIA|
AAAAAAAADMOEAAAA|Crystal             |Scott                         |Y|MAURITANIA|
AAAAAAAADNBOAAAA|Edna                |Milligan                      |N|TONGA|
AAAAAAAADNHEAAAA|Michael             |Baldwin                       |Y|QATAR|
AAAAAAAADOCHBAAA|Thomas              |Davis                         |Y|DJIBOUTI|
AAAAAAAADONFBAAA|Dorothy             |Fennell                       |Y|GERMANY|
AAAAAAAADPBEAAAA|Stephane            |Elmore                        |Y|THAILAND|
AAAAAAAADPDFAAAA|Bryce               |Barry                         |Y|SYRIAN ARAB REPUBLIC|
AAAAAAAAEAFEBAAA|Peter               |Albers                        |Y|RUSSIAN FEDERATION|
AAAAAAAAEAIHAAAA|Lydia               |Knight                        |N|AMERICAN SAMOA|
AAAAAAAAEBBEBAAA|Leo                 |Maloney                       |N|EL SALVADOR|
AAAAAAAAEBFNAAAA|Dolores             |Reed                          |Y|CHILE|
AAAAAAAAEBJEBAAA|Elizabeth           |Stone                         |Y|MYANMAR|
AAAAAAAAEBMCAAAA|Charles             |Leach                         |Y|ISLE OF MAN|
AAAAAAAAECLHBAAA|Jennie              |Cain                          |N|UKRAINE|
AAAAAAAAEDCJAAAA|Patrick             |Brown                         |Y|INDIA|
AAAAAAAAEDDGBAAA|Meghan              |Morris                        |Y|INDONESIA|
AAAAAAAAEDFABAAA|Mike                |Townsend                      |N|OMAN|
AAAAAAAAEDKIAAAA|Norma               |Townsend                      |Y|SOUTH AFRICA|
AAAAAAAAEEFIAAAA|Jennifer            |Peters                        |N|BOUVET ISLAND|
AAAAAAAAEGDAAAAA|Andy                |Orourke                       |N|JERSEY|
AAAAAAAAEGFFBAAA|Cecelia             |Martin                        |N|BAHAMAS|
AAAAAAAAEGICBAAA|Elizabeth           |Evans                         |N|RUSSIAN FEDERATION|
AAAAAAAAEGJMAAAA|Mabel               |Bean                          |Y|GABON|
AAAAAAAAEHELAAAA|Jeanne              |Willis                        |N|HONG KONG|
AAAAAAAAEHNGBAAA|Janice              |Stevenson                     |Y|MALI|
AAAAAAAAEIHGAAAA|William             |Johnson                       |N|MONTENEGRO|
AAAAAAAAEINFAAAA|Christy             |Ford                          |N|SAINT HELENA|
AAAAAAAAEJBAAAAA|Ethel               |Frazier                       |Y|BAHAMAS|
AAAAAAAAEJIDBAAA|Barbara             |Mcewen                        |N|SOLOMON ISLANDS|
AAAAAAAAEJIDBAAA|Barbara             |Mcewen                        |N|SOLOMON ISLANDS|
AAAAAAAAEJIDBAAA|Barbara             |Mcewen                        |N|SOLOMON ISLANDS|
AAAAAAAAEJIDBAAA|Barbara             |Mcewen                        |N|SOLOMON ISLANDS|
AAAAAAAAEJMAAAAA|Howard              |Tapia                         |N|SLOVAKIA|
AAAAAAAAEKDKAAAA|Sabrina             |Schwartz                      |Y|SOUTH AFRICA|
AAAAAAAAEKNHBAAA|Edna                |Jones                         |N|GABON|
AAAAAAAAEKOFAAAA|Ramon               |Jones                         |Y|ZIMBABWE|
AAAAAAAAELEBBAAA|Susan               |Lee                           |N|MONACO|
AAAAAAAAELIIAAAA|Harold              |Lee                           |Y|BAHAMAS|
AAAAAAAAELNFAAAA|Janice              |Vargas                        |N|BELIZE|
AAAAAAAAELOFBAAA|Reginald            |Davidson                      |N|GABON|
AAAAAAAAEMMJAAAA|Vernita             |Chase                         |N|PAKISTAN|
AAAAAAAAENIGAAAA|John                |Robinson                      |N|BHUTAN|
AAAAAAAAENMMAAAA|Tyrone              |Luke                          |N|GREENLAND|
AAAAAAAAENOABAAA|George              |Covington                     |N|MADAGASCAR|
AAAAAAAAEOHFAAAA|Christopher         |Haynes                        |N|GRENADA|
AAAAAAAAEOMDBAAA|John                |Herring                       |N|ISLE OF MAN|
AAAAAAAAEOMDBAAA|John                |Herring                       |N|ISLE OF MAN|
AAAAAAAAEOMDBAAA|John                |Herring                       |N|ISLE OF MAN|
AAAAAAAAEOMDBAAA|John                |Herring                       |N|ISLE OF MAN|
AAAAAAAAEPAPAAAA|Andres              |Collins                       |N|QATAR|
AAAAAAAAEPHDAAAA|Gloria              |Cochran                       |Y|GUYANA|
AAAAAAAAEPJNAAAA|Diane               |Davis                         |Y|CHILE|
AAAAAAAAFABCAAAA|Theodore            |Weaver                        |N|HONDURAS|
AAAAAAAAFAILAAAA|Roberto             |Hernandez                     |Y|CYPRUS|
AAAAAAAAFAIOAAAA|Darlene             |Walters                       |N|TONGA|
AAAAAAAAFBLFAAAA|Joseph              |Collins                       |Y|TIMOR-LESTE|
AAAAAAAAFCGHAAAA|Marcus              |Byrd                          |N|WESTERN SAHARA|
AAAAAAAAFCJJAAAA|Richard             |Emery                         |Y|BRAZIL|
AAAAAAAAFDCCAAAA|Ruth                |Davis                         |N|NEW CALEDONIA|
