AAAAAAAAADDKAAAA
AAAAAAAAADHEBAAA
AAAAAAAAAEACAAAA
AAAAAAAAAFHBAAAA
AAAAAAAAAPFEAAAA
AAAAAAAABAMOAAAA
AAAAAAAABBLFAAAA
AAAAAAAABEBHAAAA
AAAAAAAABEGNAAAA
AAAAAAAABGLBAAAA
AAAAAAAABJFOAAAA
AAAAAAAABJGKAAAA
AAAAAAAABKMFBAAA
AAAAAAAABMLHBAAA
AAAAAAAABNIBAAAA
AAAAAAAABOAAAAAA
AAAAAAAACANABAAA
AAAAAAAACCBMAAAA
AAAAAAAACHDGBAAA
AAAAAAAACLEFAAAA
AAAAAAAADAEGAAAA
AAAAAAAADEMIAAAA
AAAAAAAADFOEAAAA
AAAAAAAADGPLAAAA
AAAAAAAADIGNAAAA
AAAAAAAADNAABAAA
AAAAAAAADNKDAAAA
AAAAAAAAEBHNAAAA
AAAAAAAAECPHBAAA
AAAAAAAAEDENAAAA
AAAAAAAAEDKMAAAA
AAAAAAAAEFGIBAAA
AAAAAAAAEHADBAAA
AAAAAAAAEHICAAAA
AAAAAAAAEIBNAAAA
AAAAAAAAEJKEAAAA
AAAAAAAAEJMABAAA
AAAAAAAAELBJAAAA
AAAAAAAAENEPAAAA
AAAAAAAAFACAAAAA
AAAAAAAAFACCBAAA
AAAAAAAAFCBIAAAA
AAAAAAAAFCMHAAAA
AAAAAAAAFDMLAAAA
AAAAAAAAFEMGBAAA
AAAAAAAAFFCGAAAA
AAAAAAAAFFOAAAAA
AAAAAAAAFIOGBAAA
AAAAAAAAFIONAAAA
AAAAAAAAFIPNAAAA
AAAAAAAAFLDGBAAA
AAAAAAAAFLLLAAAA
AAAAAAAAFMNOAAAA
AAAAAAAAFOPLAAAA
AAAAAAAAGAJGAAAA
AAAAAAAAGEGLAAAA
AAAAAAAAGFMPAAAA
AAAAAAAAGHHBBAAA
AAAAAAAAGJFOAAAA
AAAAAAAAGJNIAAAA
AAAAAAAAGKEEAAAA
AAAAAAAAHAKABAAA
AAAAAAAAHCEBAAAA
AAAAAAAAHDBBBAAA
AAAAAAAAHEIEBAAA
AAAAAAAAHFMDBAAA
AAAAAAAAHGGABAAA
AAAAAAAAHGIDBAAA
AAAAAAAAHHGDAAAA
AAAAAAAAHIDDBAAA
AAAAAAAAHIOPAAAA
AAAAAAAAHLIHBAAA
AAAAAAAAHNALAAAA
AAAAAAAAHPCMAAAA
AAAAAAAAICGIAAAA
AAAAAAAAIGHFBAAA
AAAAAAAAIHCGBAAA
AAAAAAAAIIFAAAAA
AAAAAAAAIILABAAA
AAAAAAAAIINIAAAA
AAAAAAAAIJBFBAAA
AAAAAAAAIPJABAAA
AAAAAAAAIPJDBAAA
AAAAAAAAJAAPAAAA
AAAAAAAAJAEOAAAA
AAAAAAAAJCPCAAAA
AAAAAAAAJDJOAAAA
AAAAAAAAJDLDAAAA
AAAAAAAAJEAGBAAA
AAAAAAAAJFMFAAAA
AAAAAAAAJGJFBAAA
AAAAAAAAJIDFBAAA
AAAAAAAAJINIAAAA
AAAAAAAAJKCNAAAA
AAAAAAAAJKIDAAAA
AAAAAAAAJMCAAAAA
AAAAAAAAJMKPAAAA
AAAAAAAAJNDCBAAA
AAAAAAAAKACIAAAA
AAAAAAAAKAOJAAAA
