2000|7|Home                                              |494214.52
2000|2|Men                                               |399357.34
2000|3|Children                                          |385379.49
2000|1|Women                                             |358083.26
2000|10|Electronics                                       |290658.56
2000|4|Shoes                                             |246805.39
2000|5|Music                                             |243615.03
2000|8|Sports                                            |207236.48
2000|6|Jewelry                                           |176654.72
2000|9|Books                                             |165977.90
