-0.43410932010905053213|||2|1
-0.44317098691772123736|Electronics                                       ||1|1
-0.43822193492637373391|Children                                          ||1|2
-0.43683725746346926980|Home                                              ||1|3
-0.43523900734578522837|Shoes                                             ||1|4
-0.43453171492148791031|Sports                                            ||1|5
-0.43344756536320469911|Men                                               ||1|6
-0.43249853789626588037|Books                                             ||1|7
-0.43213682869626190989|Women                                             ||1|8
-0.42783775063981632464|Music                                             ||1|9
-0.42716641352649311830|Jewelry                                           ||1|10
-0.46259549722508754612|Books                                             |self-help                                         |0|1
-0.45429233358097419998|Books                                             |romance                                           |0|2
-0.44913463811686237215|Books                                             |parenting                                         |0|3
-0.44743269738198919626|Books                                             |home repair                                       |0|4
-0.43558017585236073240|Books                                             |sports                                            |0|5
-0.43452843517016023987|Books                                             |arts                                              |0|6
-0.43423178635277534643|Books                                             |fiction                                           |0|7
-0.43358630853094680195|Books                                             |cooking                                           |0|8
-0.43297379002405124115|Books                                             |business                                          |0|9
-0.43255847397565327677|Books                                             |computers                                         |0|10
-0.43070378830677843583|Books                                             |entertainments                                    |0|11
-0.42258144583775542867|Books                                             |travel                                            |0|12
-0.42034384104962958920|Books                                             |history                                           |0|13
-0.41536056985509701621|Books                                             |science                                           |0|14
-0.40932913288185724962|Books                                             |reference                                         |0|15
-0.40119561600706050264|Books                                             |mystery                                           |0|16
-0.44297328751388306059|Children                                          |infants                                           |0|1
-0.44129927707242020759|Children                                          |toddlers                                          |0|2
-0.43890837412186149314|Children                                          |newborn                                           |0|3
-0.42995487482351174745|Children                                          |school-uniforms                                   |0|4
-0.47242130120332581992|Electronics                                       |musical                                           |0|1
-0.47090703214984694229|Electronics                                       |scanners                                          |0|2
-0.47080000214063079369|Electronics                                       |wireless                                          |0|3
-0.45359650672781901702|Electronics                                       |portable                                          |0|4
-0.45188673430137581293|Electronics                                       |audio                                             |0|5
-0.45033515777756093842|Electronics                                       |personal                                          |0|6
-0.44982667540135135474|Electronics                                       |automotive                                        |0|7
-0.44383222070834185016|Electronics                                       |camcorders                                        |0|8
-0.44274574936212230914|Electronics                                       |stereo                                            |0|9
-0.44114860926997836079|Electronics                                       |karoke                                            |0|10
-0.43307360872813001097|Electronics                                       |televisions                                       |0|11
-0.43101516593635637303|Electronics                                       |monitors                                          |0|12
-0.42830771187370735215|Electronics                                       |dvd/vcr players                                   |0|13
-0.42481773008699317408|Electronics                                       |disk drives                                       |0|14
-0.42402129409814370298|Electronics                                       |cameras                                           |0|15
-0.41999384140788970270|Electronics                                       |memory                                            |0|16
-0.45766889055921503494|Home                                              |rugs                                              |0|1
-0.45351218982147183009|Home                                              |wallpaper                                         |0|2
-0.45333338289085470920|Home                                              |blinds/shades                                     |0|3
-0.44654245658842198028|Home                                              |tables                                            |0|4
-0.44358944093329964292|Home                                              |decor                                             |0|5
-0.44301444449907640239|Home                                              |kids                                              |0|6
-0.44281889854726027707|Home                                              |paint                                             |0|7
-0.44214058781822841447|Home                                              |curtains/drapes                                   |0|8
-0.43861474760061909322|Home                                              |bedding                                           |0|9
-0.43502513304412010838|Home                                              |accent                                            |0|10
-0.42994113174962789229|Home                                              |glassware                                         |0|11
-0.42951616814834589058|Home                                              |flatware                                          |0|12
-0.42802841498364214509|Home                                              |mattresses                                        |0|13
-0.42523831484371306615|Home                                              |bathroom                                          |0|14
-0.42063666871917271757|Home                                              |furniture                                         |0|15
-0.40466128128922769401|Home                                              |lighting                                          |0|16
-0.48464454542416698806|Jewelry                                           |consignment                                       |0|1
-0.44441034312475107947|Jewelry                                           |gold                                              |0|2
-0.44131430590151680303|Jewelry                                           |womens watch                                      |0|3
-0.43513739162136013086|Jewelry                                           |pendants                                          |0|4
-0.43339710897952022132|Jewelry                                           |bracelets                                         |0|5
-0.43327635826449516467|Jewelry                                           |semi-precious                                     |0|6
-0.43275014385152631424|Jewelry                                           |estate                                            |0|7
-0.43226938203366302211|Jewelry                                           |birdal                                            |0|8
-0.42616097973421621876|Jewelry                                           |costume                                           |0|9
-0.42567071802318397644|Jewelry                                           |loose stones                                      |0|10
-0.42178174611809537398|Jewelry                                           |earings                                           |0|11
-0.42164523009074598770|Jewelry                                           |rings                                             |0|12
-0.41475129836716109303|Jewelry                                           |jewelry boxes                                     |0|13
-0.40690247363933298601|Jewelry                                           |mens watch                                        |0|14
-0.40511941173311924232|Jewelry                                           |custom                                            |0|15
-0.40087025322734206112|Jewelry                                           |diamonds                                          |0|16
-0.43860893274015333855|Men                                               |pants                                             |0|1
-0.43626536081808722241|Men                                               |accessories                                       |0|2
-0.43506264570066061272|Men                                               |sports-apparel                                    |0|3
-0.42520028516908292777|Men                                               |shirts                                            |0|4
-0.43374502624836702067|Music                                             |pop                                               |0|1
-0.43266196454630595867|Music                                             |country                                           |0|2
-0.42514164936913652044|Music                                             |classical                                         |0|3
-0.41853225988171093120|Music                                             |rock                                              |0|4
-0.44256241184076846430|Shoes                                             |mens                                              |0|1
-0.44134342496860050191|Shoes                                             |womens                                            |0|2
-0.43493052584327944374|Shoes                                             |kids                                              |0|3
-0.42162760459439432055|Shoes                                             |athletic                                          |0|4
-0.46367639498553407526|Sports                                            |fitness                                           |0|1
-0.46314017320058310930|Sports                                            |basketball                                        |0|2
-0.45984711697932945411|Sports                                            |optics                                            |0|3
-0.44842482104121818719|Sports                                            |guns                                              |0|4
-0.44486775718100821933|Sports                                            |hockey                                            |0|5
-0.44059345831876068768|Sports                                            |athletic shoes                                    |0|6
-0.43256316706799813922|Sports                                            |baseball                                          |0|7
-0.43137633823524531847|Sports                                            |sailing                                           |0|8
-0.42907064795522524754|Sports                                            |camping                                           |0|9
