AAAAAAAADFIEBAAA|John                |Gray                          
AAAAAAAAFBAHAAAA|Michael             |Williams                      
AAAAAAAAFMHIAAAA|Emilio              |Darling                       
AAAAAAAAFOJAAAAA|Don                 |Castillo                      
AAAAAAAAGEHIAAAA|Tyler               |Miller                        
AAAAAAAAGHPBBAAA|Nick                |Mendez                        
AAAAAAAAHHCABAAA|William             |Stewart                       
AAAAAAAAJONHBAAA|Warren              |Orozco                        
AAAAAAAAKANMAAAA|Erik                |Williams                      
AAAAAAAAKJBLAAAA|Kerry               |Davis                         
AAAAAAAALIOPAAAA|Derek               |Allen                         
AAAAAAAANIPLAAAA|Eric                |Lawrence                      
AAAAAAAANJHCBAAA|Christopher         |Schreiber                     
AAAAAAAAOCICAAAA|Zachary             |Pennington                    
AAAAAAAAOFLCAAAA|James               |Taylor                        
