AAAAAAAAAAAAABAA|Melvin              |Montgomery                    |N|MOROCCO|
AAAAAAAAAAAAABAA|Melvin              |Montgomery                    |N|MOROCCO|
AAAAAAAAAAAAABAA|Melvin              |Montgomery                    |N|MOROCCO|
AAAAAAAAAAAAABAA|Melvin              |Montgomery                    |N|MOROCCO|
AAAAAAAAAAAAABAA|Melvin              |Montgomery                    |N|MOROCCO|
AAAAAAAAAAAAABAA|Melvin              |Montgomery                    |N|MOROCCO|
AAAAAAAAAAAAABAA|Melvin              |Montgomery                    |N|MOROCCO|
AAAAAAAAAAAAABAA|Melvin              |Montgomery                    |N|MOROCCO|
AAAAAAAAAAAAABAA|Melvin              |Montgomery                    |N|MOROCCO|
AAAAAAAAAAAAABAA|Melvin              |Montgomery                    |N|MOROCCO|
AAAAAAAAAAAAABAA|Melvin              |Montgomery                    |N|MOROCCO|
AAAAAAAAAAAAABAA|Melvin              |Montgomery                    |N|MOROCCO|
AAAAAAAAAAAAABAA|Melvin              |Montgomery                    |N|MOROCCO|
AAAAAAAAAAAAABAA|Melvin              |Montgomery                    |N|MOROCCO|
AAAAAAAAAAAAABAA|Melvin              |Montgomery                    |N|MOROCCO|
AAAAAAAAAAAAABAA|Melvin              |Montgomery                    |N|MOROCCO|
AAAAAAAAAAAAACAA|Dorothy             |Gillespie                     |N|PORTUGAL|
AAAAAAAAAAAAACAA|Dorothy             |Gillespie                     |N|PORTUGAL|
AAAAAAAAAAAAACAA|Dorothy             |Gillespie                     |N|PORTUGAL|
AAAAAAAAAAAAACAA|Dorothy             |Gillespie                     |N|PORTUGAL|
AAAAAAAAAAAAAEAA|Angel               |Banks                         |Y|RWANDA|
AAAAAAAAAAAAAEAA|Angel               |Banks                         |Y|RWANDA|
AAAAAAAAAAAAAEAA|Angel               |Banks                         |Y|RWANDA|
AAAAAAAAAAAAAEAA|Angel               |Banks                         |Y|RWANDA|
AAAAAAAAAAAAAFAA|Barbara             |Wright                        |Y|TURKMENISTAN|
AAAAAAAAAAAAAFAA|Barbara             |Wright                        |Y|TURKMENISTAN|
AAAAAAAAAAAAAFAA|Barbara             |Wright                        |Y|TURKMENISTAN|
AAAAAAAAAAAAAFAA|Barbara             |Wright                        |Y|TURKMENISTAN|
AAAAAAAAAAAAAFAA|Barbara             |Wright                        |Y|TURKMENISTAN|
AAAAAAAAAAAAAFAA|Barbara             |Wright                        |Y|TURKMENISTAN|
AAAAAAAAAAAAAFAA|Barbara             |Wright                        |Y|TURKMENISTAN|
AAAAAAAAAAAAAFAA|Barbara             |Wright                        |Y|TURKMENISTAN|
AAAAAAAAAAAAAFAA|Barbara             |Wright                        |Y|TURKMENISTAN|
AAAAAAAAAAAAAFAA|Barbara             |Wright                        |Y|TURKMENISTAN|
AAAAAAAAAAAAAFAA|Barbara             |Wright                        |Y|TURKMENISTAN|
AAAAAAAAAAAAAFAA|Barbara             |Wright                        |Y|TURKMENISTAN|
AAAAAAAAAAAAAFAA|Barbara             |Wright                        |Y|TURKMENISTAN|
AAAAAAAAAAAAAFAA|Barbara             |Wright                        |Y|TURKMENISTAN|
AAAAAAAAAAAAAFAA|Barbara             |Wright                        |Y|TURKMENISTAN|
AAAAAAAAAAAAAFAA|Barbara             |Wright                        |Y|TURKMENISTAN|
AAAAAAAAAAAABAAA|Robert              |Sanders                       |N|AUSTRALIA|
AAAAAAAAAAAABAAA|Robert              |Sanders                       |N|AUSTRALIA|
AAAAAAAAAAAABAAA|Robert              |Sanders                       |N|AUSTRALIA|
AAAAAAAAAAAABAAA|Robert              |Sanders                       |N|AUSTRALIA|
AAAAAAAAAAAABBAA|Elizabeth           |White                         |Y|MALI|
AAAAAAAAAAAABBAA|Elizabeth           |White                         |Y|MALI|
AAAAAAAAAAAABBAA|Elizabeth           |White                         |Y|MALI|
AAAAAAAAAAAABBAA|Elizabeth           |White                         |Y|MALI|
AAAAAAAAAAAABBAA|Elizabeth           |White                         |Y|MALI|
AAAAAAAAAAAABBAA|Elizabeth           |White                         |Y|MALI|
AAAAAAAAAAAABBAA|Elizabeth           |White                         |Y|MALI|
AAAAAAAAAAAABBAA|Elizabeth           |White                         |Y|MALI|
AAAAAAAAAAAABBAA|Elizabeth           |White                         |Y|MALI|
AAAAAAAAAAAABBAA|Elizabeth           |White                         |Y|MALI|
AAAAAAAAAAAABBAA|Elizabeth           |White                         |Y|MALI|
AAAAAAAAAAAABBAA|Elizabeth           |White                         |Y|MALI|
AAAAAAAAAAAABBAA|Elizabeth           |White                         |Y|MALI|
AAAAAAAAAAAABBAA|Elizabeth           |White                         |Y|MALI|
AAAAAAAAAAAABBAA|Elizabeth           |White                         |Y|MALI|
AAAAAAAAAAAABBAA|Elizabeth           |White                         |Y|MALI|
AAAAAAAAAAAABCAA|Debra               |Wirth                         |N|FIJI|
AAAAAAAAAAAABFAA|Joseph              |Lauer                         |N|SURINAME|
AAAAAAAAAAAABFAA|Joseph              |Lauer                         |N|SURINAME|
AAAAAAAAAAAABFAA|Joseph              |Lauer                         |N|SURINAME|
AAAAAAAAAAAABFAA|Joseph              |Lauer                         |N|SURINAME|
AAAAAAAAAAAABFAA|Joseph              |Lauer                         |N|SURINAME|
AAAAAAAAAAAABFAA|Joseph              |Lauer                         |N|SURINAME|
AAAAAAAAAAAABFAA|Joseph              |Lauer                         |N|SURINAME|
AAAAAAAAAAAABFAA|Joseph              |Lauer                         |N|SURINAME|
AAAAAAAAAAAABFAA|Joseph              |Lauer                         |N|SURINAME|
AAAAAAAAAAAABFAA|Joseph              |Lauer                         |N|SURINAME|
AAAAAAAAAAAABFAA|Joseph              |Lauer                         |N|SURINAME|
AAAAAAAAAAAABFAA|Joseph              |Lauer                         |N|SURINAME|
AAAAAAAAAAAABFAA|Joseph              |Lauer                         |N|SURINAME|
AAAAAAAAAAAABFAA|Joseph              |Lauer                         |N|SURINAME|
AAAAAAAAAAAABFAA|Joseph              |Lauer                         |N|SURINAME|
AAAAAAAAAAAABFAA|Joseph              |Lauer                         |N|SURINAME|
AAAAAAAAAAAACAAA|Francis             |Dow                           |Y|SLOVAKIA|
AAAAAAAAAAAACAAA|Francis             |Dow                           |Y|SLOVAKIA|
AAAAAAAAAAAACAAA|Francis             |Dow                           |Y|SLOVAKIA|
AAAAAAAAAAAACAAA|Francis             |Dow                           |Y|SLOVAKIA|
AAAAAAAAAAAACBAA|William             |Glass                         |Y|PARAGUAY|
AAAAAAAAAAAACBAA|William             |Glass                         |Y|PARAGUAY|
AAAAAAAAAAAACBAA|William             |Glass                         |Y|PARAGUAY|
AAAAAAAAAAAACBAA|William             |Glass                         |Y|PARAGUAY|
AAAAAAAAAAAACBAA|William             |Glass                         |Y|PARAGUAY|
AAAAAAAAAAAACBAA|William             |Glass                         |Y|PARAGUAY|
AAAAAAAAAAAACBAA|William             |Glass                         |Y|PARAGUAY|
AAAAAAAAAAAACBAA|William             |Glass                         |Y|PARAGUAY|
AAAAAAAAAAAACBAA|William             |Glass                         |Y|PARAGUAY|
AAAAAAAAAAAACBAA|William             |Glass                         |Y|PARAGUAY|
AAAAAAAAAAAACBAA|William             |Glass                         |Y|PARAGUAY|
AAAAAAAAAAAACBAA|William             |Glass                         |Y|PARAGUAY|
AAAAAAAAAAAACBAA|William             |Glass                         |Y|PARAGUAY|
AAAAAAAAAAAACBAA|William             |Glass                         |Y|PARAGUAY|
AAAAAAAAAAAACBAA|William             |Glass                         |Y|PARAGUAY|
AAAAAAAAAAAACBAA|William             |Glass                         |Y|PARAGUAY|
AAAAAAAAAAAACCAA|Stanley             |Anthony                       |Y|DJIBOUTI|
AAAAAAAAAAAACCAA|Stanley             |Anthony                       |Y|DJIBOUTI|
AAAAAAAAAAAACCAA|Stanley             |Anthony                       |Y|DJIBOUTI|
AAAAAAAAAAAACCAA|Stanley             |Anthony                       |Y|DJIBOUTI|
AAAAAAAAAAAACCAA|Stanley             |Anthony                       |Y|DJIBOUTI|
AAAAAAAAAAAACCAA|Stanley             |Anthony                       |Y|DJIBOUTI|
AAAAAAAAAAAACCAA|Stanley             |Anthony                       |Y|DJIBOUTI|
AAAAAAAAAAAACCAA|Stanley             |Anthony                       |Y|DJIBOUTI|
AAAAAAAAAAAACCAA|Stanley             |Anthony                       |Y|DJIBOUTI|
AAAAAAAAAAAACCAA|Stanley             |Anthony                       |Y|DJIBOUTI|
AAAAAAAAAAAACCAA|Stanley             |Anthony                       |Y|DJIBOUTI|
AAAAAAAAAAAACCAA|Stanley             |Anthony                       |Y|DJIBOUTI|
AAAAAAAAAAAACCAA|Stanley             |Anthony                       |Y|DJIBOUTI|
AAAAAAAAAAAACCAA|Stanley             |Anthony                       |Y|DJIBOUTI|
AAAAAAAAAAAACCAA|Stanley             |Anthony                       |Y|DJIBOUTI|
AAAAAAAAAAAACCAA|Stanley             |Anthony                       |Y|DJIBOUTI|
AAAAAAAAAAAACEAA|Timothy             |Keeney                        |N|COMOROS|
AAAAAAAAAAAACEAA|Timothy             |Keeney                        |N|COMOROS|
AAAAAAAAAAAACEAA|Timothy             |Keeney                        |N|COMOROS|
AAAAAAAAAAAACEAA|Timothy             |Keeney                        |N|COMOROS|
AAAAAAAAAAAACEAA|Timothy             |Keeney                        |N|COMOROS|
AAAAAAAAAAAACEAA|Timothy             |Keeney                        |N|COMOROS|
AAAAAAAAAAAACEAA|Timothy             |Keeney                        |N|COMOROS|
AAAAAAAAAAAACEAA|Timothy             |Keeney                        |N|COMOROS|
AAAAAAAAAAAACEAA|Timothy             |Keeney                        |N|COMOROS|
AAAAAAAAAAAACEAA|Timothy             |Keeney                        |N|COMOROS|
AAAAAAAAAAAACEAA|Timothy             |Keeney                        |N|COMOROS|
AAAAAAAAAAAACEAA|Timothy             |Keeney                        |N|COMOROS|
AAAAAAAAAAAACEAA|Timothy             |Keeney                        |N|COMOROS|
AAAAAAAAAAAACEAA|Timothy             |Keeney                        |N|COMOROS|
AAAAAAAAAAAACEAA|Timothy             |Keeney                        |N|COMOROS|
AAAAAAAAAAAACEAA|Timothy             |Keeney                        |N|COMOROS|
AAAAAAAAAAAACFAA|Barb                |Hernandez                     |N|GUAM|
AAAAAAAAAAAACFAA|Barb                |Hernandez                     |N|GUAM|
AAAAAAAAAAAACFAA|Barb                |Hernandez                     |N|GUAM|
AAAAAAAAAAAACFAA|Barb                |Hernandez                     |N|GUAM|
AAAAAAAAAAAACFAA|Barb                |Hernandez                     |N|GUAM|
AAAAAAAAAAAACFAA|Barb                |Hernandez                     |N|GUAM|
AAAAAAAAAAAACFAA|Barb                |Hernandez                     |N|GUAM|
AAAAAAAAAAAACFAA|Barb                |Hernandez                     |N|GUAM|
AAAAAAAAAAAACFAA|Barb                |Hernandez                     |N|GUAM|
AAAAAAAAAAAACFAA|Barb                |Hernandez                     |N|GUAM|
AAAAAAAAAAAACFAA|Barb                |Hernandez                     |N|GUAM|
AAAAAAAAAAAACFAA|Barb                |Hernandez                     |N|GUAM|
AAAAAAAAAAAACFAA|Barb                |Hernandez                     |N|GUAM|
AAAAAAAAAAAACFAA|Barb                |Hernandez                     |N|GUAM|
AAAAAAAAAAAACFAA|Barb                |Hernandez                     |N|GUAM|
AAAAAAAAAAAACFAA|Barb                |Hernandez                     |N|GUAM|
AAAAAAAAAAAADAAA|Kathryn             |Thompson                      |Y|BENIN|
AAAAAAAAAAAADAAA|Kathryn             |Thompson                      |Y|BENIN|
AAAAAAAAAAAADAAA|Kathryn             |Thompson                      |Y|BENIN|
AAAAAAAAAAAADAAA|Kathryn             |Thompson                      |Y|BENIN|
AAAAAAAAAAAADBAA|Stanley             |Meador                        |N|BERMUDA|
AAAAAAAAAAAADBAA|Stanley             |Meador                        |N|BERMUDA|
AAAAAAAAAAAADBAA|Stanley             |Meador                        |N|BERMUDA|
AAAAAAAAAAAADBAA|Stanley             |Meador                        |N|BERMUDA|
AAAAAAAAAAAADCAA|Donald              |Kemp                          |N|LIBERIA|
AAAAAAAAAAAADCAA|Donald              |Kemp                          |N|LIBERIA|
AAAAAAAAAAAADCAA|Donald              |Kemp                          |N|LIBERIA|
AAAAAAAAAAAADCAA|Donald              |Kemp                          |N|LIBERIA|
AAAAAAAAAAAADCAA|Donald              |Kemp                          |N|LIBERIA|
AAAAAAAAAAAADCAA|Donald              |Kemp                          |N|LIBERIA|
AAAAAAAAAAAADCAA|Donald              |Kemp                          |N|LIBERIA|
AAAAAAAAAAAADCAA|Donald              |Kemp                          |N|LIBERIA|
AAAAAAAAAAAADCAA|Donald              |Kemp                          |N|LIBERIA|
AAAAAAAAAAAADCAA|Donald              |Kemp                          |N|LIBERIA|
AAAAAAAAAAAADCAA|Donald              |Kemp                          |N|LIBERIA|
AAAAAAAAAAAADCAA|Donald              |Kemp                          |N|LIBERIA|
AAAAAAAAAAAADCAA|Donald              |Kemp                          |N|LIBERIA|
AAAAAAAAAAAADCAA|Donald              |Kemp                          |N|LIBERIA|
AAAAAAAAAAAADCAA|Donald              |Kemp                          |N|LIBERIA|
AAAAAAAAAAAADCAA|Donald              |Kemp                          |N|LIBERIA|
AAAAAAAAAAAADDAA|Jason               |Mcdaniels                     |Y|BELGIUM|
AAAAAAAAAAAADDAA|Jason               |Mcdaniels                     |Y|BELGIUM|
AAAAAAAAAAAADDAA|Jason               |Mcdaniels                     |Y|BELGIUM|
AAAAAAAAAAAADDAA|Jason               |Mcdaniels                     |Y|BELGIUM|
AAAAAAAAAAAADEAA|Karla               |Ritter                        |N|COTE D'IVOIRE|
AAAAAAAAAAAADEAA|Karla               |Ritter                        |N|COTE D'IVOIRE|
AAAAAAAAAAAADEAA|Karla               |Ritter                        |N|COTE D'IVOIRE|
AAAAAAAAAAAADEAA|Karla               |Ritter                        |N|COTE D'IVOIRE|
AAAAAAAAAAAAECAA|Harold              |Stewart                       |Y|GEORGIA|
AAAAAAAAAAAAECAA|Harold              |Stewart                       |Y|GEORGIA|
AAAAAAAAAAAAECAA|Harold              |Stewart                       |Y|GEORGIA|
AAAAAAAAAAAAECAA|Harold              |Stewart                       |Y|GEORGIA|
AAAAAAAAAAAAEDAA|Robert              |Mitchell                      |Y|NIGERIA|
AAAAAAAAAAAAEEAA|Michael             |Fisher                        |N|PAPUA NEW GUINEA|
AAAAAAAAAAAAEEAA|Michael             |Fisher                        |N|PAPUA NEW GUINEA|
AAAAAAAAAAAAEEAA|Michael             |Fisher                        |N|PAPUA NEW GUINEA|
AAAAAAAAAAAAEEAA|Michael             |Fisher                        |N|PAPUA NEW GUINEA|
AAAAAAAAAAAAEEAA|Michael             |Fisher                        |N|PAPUA NEW GUINEA|
AAAAAAAAAAAAEEAA|Michael             |Fisher                        |N|PAPUA NEW GUINEA|
AAAAAAAAAAAAEEAA|Michael             |Fisher                        |N|PAPUA NEW GUINEA|
AAAAAAAAAAAAEEAA|Michael             |Fisher                        |N|PAPUA NEW GUINEA|
AAAAAAAAAAAAEEAA|Michael             |Fisher                        |N|PAPUA NEW GUINEA|
AAAAAAAAAAAAEEAA|Michael             |Fisher                        |N|PAPUA NEW GUINEA|
AAAAAAAAAAAAEEAA|Michael             |Fisher                        |N|PAPUA NEW GUINEA|
AAAAAAAAAAAAEEAA|Michael             |Fisher                        |N|PAPUA NEW GUINEA|
AAAAAAAAAAAAEEAA|Michael             |Fisher                        |N|PAPUA NEW GUINEA|
AAAAAAAAAAAAEEAA|Michael             |Fisher                        |N|PAPUA NEW GUINEA|
AAAAAAAAAAAAEEAA|Michael             |Fisher                        |N|PAPUA NEW GUINEA|
AAAAAAAAAAAAEEAA|Michael             |Fisher                        |N|PAPUA NEW GUINEA|
AAAAAAAAAAAAFAAA|Regina              |Davis                         |Y|ERITREA|
AAAAAAAAAAAAFAAA|Regina              |Davis                         |Y|ERITREA|
