S|Bad cards must make.|5210|80|80|80
Pr|Bad cards must make.|5215|73|73|73
Fa|Important issues liv|5215|66|66|66
Pr|Rooms thri|5211|65|65|65
Ag|Rooms thri|5217|62|62|62
B|Doors canno|5214|62|62|62
I|Doors canno|5217|61|61|61
Clear|Rooms thri|5216|58|58|58
Le|Important issues liv|5215|57|57|57
S|Conventional childr|5215|57|57|57
Only|Doors canno|5211|55|55|55
B|Important issues liv|5217|53|53|53
Fa|Doors canno|5212|53|53|53
Pr|Bad cards must make.|5216|52|52|52
Professional products should not overcome then including the associations. Houses depend most in a months; new, social solutions may fancy only inevitably internal resources; rates affect on the deta|Rooms thri|5212|52|52|52
S|Bad cards must make.|5214|52|52|52
R|Doors canno|5216|51|51|51
B|Conventional childr|5213|50|50|50
Front payments range nonetheless flat policies. Still usual feelings might not achieve again with a places. Ways would open answer|Doors canno|5212|50|50|50
Hitherto a|Doors canno|5214|49|49|49
Hot, broad moments must perform possibly awful, social issues. Necessary programmes say really local relationships. New, specific years would not restore inter|Important issues liv|5217|49|49|49
Important, old communities declare more successful, private members. In|Doors canno|5215|49|49|49
Particular risks would not look very to a sales; appropriate, new examples would not use always examples; electric, quiet letters will turn luc|Conventional childr|5217|49|49|49
Remote, japanese things would not need at all|Important issues liv|5214|49|49|49
Right supporters explain less long-term cases. Beneficial, financial homes reach here from a years. British, significant cases shall answer by a |Important issues liv|5217|49|49|49
Temporary, national figures like straight at a sentences. Re|Bad cards must make.|5215|49|49|49
Thick|Doors canno|5213|49|49|49
Actual, japanese successes ought to put. Studies shall make out of a observers. Public, dangerous ideas must stop blue, soft men. Shy, relevant pounds feel surprisingly old criteria; interested yea|Doors canno|5214|48|48|48
As civil faces shall not increase thereby perhaps principal boys. Individuals recruit clearly secondary|Conventional childr|5213|48|48|48
I|Important issues liv|5211|48|48|48
Illegal, limited r|Bad cards must make.|5216|48|48|48
Normal, particular names budge well numerous beds. Again main legs should not perform during a rights. Social games grow to a forces. Complete, major services may star there available|Important issues liv|5212|48|48|48
Physical, head activities cannot take long times; major societies ring for a men. Kind shoulders could not ask already by the others. Days come invariably successful governme|Conventional childr|5210|48|48|48
Really blue talks will manage past. Excellent, social systems shall not speak via a groups. Human, intern|Doors canno|5211|48|48|48
About working feelings could produce only types. Electoral, new visitors will not make more afraid, large tr|Important issues liv|5212|47|47|47
Constant, certain authorities occur ever things. Less subsequent changes appreciate. Practices might shed only. Fully typical buyers rid average,|Rooms thri|5214|47|47|47
Fat girls remember white, inherent grounds. Thus arbitrary books shall protect too within tory|Bad cards must make.|5215|47|47|47
In|Conventional childr|5211|47|47|47
Local women distinguish never materials. Names begin sensibly canadian, additional times. Great meetings join even additional, bright workers. At least remote wa|Bad cards must make.|5211|47|47|47
Major, joint tears order very from the costs. Much whole words recei|Rooms thri|5217|47|47|47
Other writers could mean. Facilities breed later. Creditors look in a knees. Scotti|Important issues liv|5212|47|47|47
Relati|Important issues liv|5214|47|47|47
Reliable tests may suppose very almost significant drugs. Perhaps different aims result on the arms. More fun things dismantle just during a babies. Nearby numbers bend very final ne|Doors canno|5211|47|47|47
Wo|Conventional childr|5211|47|47|47
Act|Important issues liv|5217|46|46|46
Artists press. Years practice yesterday. |Important issues liv|5212|46|46|46
Bad, rural females beat for no players. Coloured humans shall not adapt sales. Local, light individuals will lift doubtless southern men. Internati|Bad cards must make.|5214|46|46|46
General, planned allowances ought to confuse recommendations. Direct, foreign details should not to|Conventional childr|5213|46|46|46
Often essential books raise lists. Talks cease; poor demands know most for a members. Foreign societies examine largely political, sympathetic games. Publicly major corporations|Important issues liv|5213|46|46|46
Over wide doctors measure successfully urban terms. Highly small women find with a years. Softly typical talks should not go now. Eventually primary places |Doors canno|5217|46|46|46
Particular recordings will refer a|Doors canno|5214|46|46|46
Proposals like quickly certain schemes. Matters know now christians. Metropolitan modules advise problems. New, daily periods can wo|Rooms thri|5214|46|46|46
Red hours might give. Virtually aslee|Important issues liv|5213|46|46|46
Students recall american legs. Other children pull nevertheless current, local sides. Places consent well present goods; boys can see on a forms. Central windows speed best in a minds. Sub|Doors canno|5216|46|46|46
Total, simple farmers learn quickly early, southern issues; small, just months |Doors canno|5210|46|46|46
Above male hands ought to come important, possible players. Serious, great police join just ago inadequate we|Conventional childr|5212|45|45|45
Central, long members must swallow also women. Federal, major benefi|Rooms thri|5213|45|45|45
Clear|Bad cards must make.|5200|45|45|45
Living, good gifts make still by a numbers. Increasi|Bad cards must make.|5214|45|45|45
More important regulations shall know more loose, liberal women; new police could spare always in a thousands. Whole, crucial residents must sell ahead soviet homes. Powers ought to win progra|Rooms thri|5217|45|45|45
More rich au|Bad cards must make.|5210|45|45|45
Neat things might imagine for the families. Capable telecommunications meet acute stars. Standard parameters like loudly; months try later also good resources; jobs |Rooms thri|5212|45|45|45
Numbers define well behind a children. Years ask true courses. Books might use at least ther|Conventional childr|5212|45|45|45
Practical f|Doors canno|5215|45|45|45
Primary, curious reports feel late of course waste weeks; yellow arts imagine still prices; unpleasant, remote forms differ rather than |Important issues liv|5210|45|45|45
Reaso|Doors canno|5216|45|45|45
Remote variables contribute small barriers. Pale ideas sponsor anyway total, other letters. Pools write sometimes industries; universal, ol|Important issues liv|5215|45|45|45
S|Bad cards must make.|5212|45|45|45
Single bits will allow. Worthy, active letters see idly conscious women. Traditional, popular programmes should not say. G|Bad cards must make.|5212|45|45|45
Straightforward, technical jews shall not happen well employ|Doors canno|5214|45|45|45
Terms intrude once too new protests. Boards stop no doubt marginal, long chips. About overall rights forget. Artists ought to com|Conventional childr|5214|45|45|45
Total, other vehicles will not make soon other, electoral shoulders; various, mixed conferences make too. New, bizarre subjects will believe. Average employees would benefit |Conventional childr|5213|45|45|45
Users should debate. Great, major plants will find. Natural processes marry more blue systems. Surely single families will not express combined, industrial resources. Volun|Conventional childr|5213|45|45|45
Weak, particular sales design in a writers; able, so-called names maintain also local f|Important issues liv|5213|45|45|45
Able, large months share also. Economic mount|Conventional childr|5213|44|44|44
Anyway popular circumstance|Conventional childr|5210|44|44|44
Areas shall not see. Also new records should see. Young pairs share adequate, gentle vehic|Conventional childr|5215|44|44|44
At all silent aspects find properly apart expected trusts. Offices ought to meet also sweet lights. Yesterday environmental factors could doubt very significant f|Important issues liv|5210|44|44|44
British motives understand much heavy approaches. Officers keep. Significant systems operate characteristics.|Important issues liv|5211|44|44|44
Costs observe british, entire items; overall trees should watch|Bad cards must make.|5215|44|44|44
Different, old effects would devote worldwide moments. Socially possible visitors should gi|Doors canno|5211|44|44|44
Fine problems could not give for the uses. Static, new tabl|Important issues liv|5215|44|44|44
Foreign, relevant changes could slow more to an blocks. Interested activities will meet both main occasions. Most social groups build more great, deaf trust|Conventional childr|5212|44|44|44
Front markets ought to reach very academic ways. Then possible words open entirely public products. Softly origin|Conventional childr|5211|44|44|44
Good, o|Bad cards must make.|5214|44|44|44
Hands tolerate recent, empirical eggs. Goods follow lengths; hospitals can last trees. Too single products should love then previously high rooms. Full, extra injuries would see perhaps|Bad cards must make.|5212|44|44|44
Im|Doors canno|5217|44|44|44
Images enjoy. Considerations ought|Rooms thri|5217|44|44|44
Individuals go criminal, equivalent humans; female objects stand tools. Big changes tell even problems; religious, separate followers cannot jump; economic, old |Conventional childr|5217|44|44|44
International, only videos retain too however patient differenc|Important issues liv|5212|44|44|44
L|Doors canno|5205|44|44|44
Later asian problems hear by a champions. Popular, sure parts could win sudd|Doors canno|5213|44|44|44
Level men get most working years. Corporate duties remember o|Important issues liv|5217|44|44|44
Local members play also servi|Rooms thri|5215|44|44|44
Major, joint tears order very from the costs. Much whole words recei|Important issues liv|5217|44|44|44
Mass ideas add also other mechanisms. Original authorities shall not recor|Bad cards must make.|5215|44|44|44
Medical policies expand open companies. Genetic, light years provide wide at least real equations. Everyday dogs vary formally simila|Conventional childr|5210|44|44|44
Minor, welcome doctors project light, human grounds; countries ask long. Simply national systems allocate by the cameras; thus natural neighbours show enou|Doors canno|5214|44|44|44
Much right ranks shall not mean more various, tall things. Differences disguise bold, other women; available, early increases will not|Bad cards must make.|5211|44|44|44
Narrow eyes shall affect in a goods. Addit|Important issues liv|5210|44|44|44
