AAAAAAAAAAAALAAA|Salinas, Cathy
AAAAAAAAAAAALAAA|Salinas, Cathy
AAAAAAAAAAAALAAA|Salinas, Cathy
AAAAAAAAAAAALAAA|Salinas, Cathy
AAAAAAAAAAAALAAA|Salinas, Cathy
AAAAAAAAAAAALAAA|Salinas, Cathy
AAAAAAAAAAAALAAA|Salinas, Cathy
AAAAAAAAAAAALAAA|Salinas, Cathy
AAAAAAAAAAAALAAA|Salinas, Cathy
AAAAAAAAAAAALAAA|Salinas, Cathy
AAAAAAAAAAAALAAA|Salinas, Cathy
AAAAAAAAAAAALAAA|Salinas, Cathy
AAAAAAAAAAAALAAA|Salinas, Cathy
AAAAAAAAAAAALAAA|Salinas, Cathy
AAAAAAAAAAAALAAA|Salinas, Cathy
AAAAAAAAAAAALAAA|Salinas, Cathy
AAAAAAAAAAAALAAA|Salinas, Cathy
AAAAAAAAAAAALAAA|Salinas, Cathy
AAAAAAAAAAAALAAA|Salinas, Cathy
AAAAAAAAAAAALAAA|Salinas, Cathy
AAAAAAAAAAAALAAA|Salinas, Cathy
AAAAAAAAAAAALAAA|Salinas, Cathy
AAAAAAAAAAAALAAA|Salinas, Cathy
AAAAAAAAAAAALAAA|Salinas, Cathy
AAAAAAAAAAAALAAA|Salinas, Cathy
AAAAAAAAAAAALAAA|Salinas, Cathy
AAAAAAAAAAAALAAA|Salinas, Cathy
AAAAAAAAAAAALAAA|Salinas, Cathy
AAAAAAAAAAAALAAA|Salinas, Cathy
AAAAAAAAAAAALAAA|Salinas, Cathy
AAAAAAAAAAAALAAA|Salinas, Cathy
AAAAAAAAAAAALAAA|Salinas, Cathy
AAAAAAAAAAAALAAA|Salinas, Cathy
AAAAAAAAAAAALAAA|Salinas, Cathy
AAAAAAAAAAAALAAA|Salinas, Cathy
AAAAAAAAAAAALAAA|Salinas, Cathy
AAAAAAAAAAAALAAA|Salinas, Cathy
AAAAAAAAAAAALAAA|Salinas, Cathy
AAAAAAAAAAAALAAA|Salinas, Cathy
AAAAAAAAAAAALAAA|Salinas, Cathy
AAAAAAAAAAAALAAA|Salinas, Cathy
AAAAAAAAAAAALAAA|Salinas, Cathy
AAAAAAAAAAAALAAA|Salinas, Cathy
AAAAAAAAAAAALAAA|Salinas, Cathy
AAAAAAAAAAAALAAA|Salinas, Cathy
AAAAAAAAAAAALAAA|Salinas, Cathy
AAAAAAAAAAAALAAA|Salinas, Cathy
AAAAAAAAAAAALAAA|Salinas, Cathy
AAAAAAAAAAAALAAA|Salinas, Cathy
AAAAAAAAAAAALAAA|Salinas, Cathy
AAAAAAAAAAAALAAA|Salinas, Cathy
AAAAAAAAAAAALAAA|Salinas, Cathy
AAAAAAAAAAAALAAA|Salinas, Cathy
AAAAAAAAAAAALAAA|Salinas, Cathy
AAAAAAAAAAAALAAA|Salinas, Cathy
AAAAAAAAAAAALAAA|Salinas, Cathy
AAAAAAAAAAAALAAA|Salinas, Cathy
AAAAAAAAAAAALAAA|Salinas, Cathy
AAAAAAAAAAAALAAA|Salinas, Cathy
AAAAAAAAAAAALAAA|Salinas, Cathy
AAAAAAAAAAAALAAA|Salinas, Cathy
AAAAAAAAAAAALAAA|Salinas, Cathy
AAAAAAAAAAAALAAA|Salinas, Cathy
AAAAAAAAAAAALAAA|Salinas, Cathy
AAAAAAAAAAAALAAA|Salinas, Cathy
AAAAAAAAAAAALAAA|Salinas, Cathy
AAAAAAAAAAAALAAA|Salinas, Cathy
AAAAAAAAAAAALAAA|Salinas, Cathy
AAAAAAAAAAAALAAA|Salinas, Cathy
AAAAAAAAAAAALAAA|Salinas, Cathy
AAAAAAAAAAAALAAA|Salinas, Cathy
AAAAAAAAAAAALAAA|Salinas, Cathy
AAAAAAAAAAAALAAA|Salinas, Cathy
AAAAAAAAAAAALAAA|Salinas, Cathy
AAAAAAAAAAAALAAA|Salinas, Cathy
AAAAAAAAAAAALAAA|Salinas, Cathy
AAAAAAAAAAAALAAA|Salinas, Cathy
AAAAAAAAAAAALAAA|Salinas, Cathy
AAAAAAAAAAAALAAA|Salinas, Cathy
AAAAAAAAAAAALAAA|Salinas, Cathy
AAAAAAAAAAAALAAA|Salinas, Cathy
AAAAAAAAAAAALAAA|Salinas, Cathy
AAAAAAAAAAAALAAA|Salinas, Cathy
AAAAAAAAAAAALAAA|Salinas, Cathy
AAAAAAAAAAAALAAA|Salinas, Cathy
AAAAAAAAAAAALAAA|Salinas, Cathy
AAAAAAAAAAAALAAA|Salinas, Cathy
AAAAAAAAAAAALAAA|Salinas, Cathy
AAAAAAAAAAAALAAA|Salinas, Cathy
AAAAAAAAAAAALAAA|Salinas, Cathy
AAAAAAAAAAAALAAA|Salinas, Cathy
AAAAAAAAAAAALAAA|Salinas, Cathy
AAAAAAAAAAAALAAA|Salinas, Cathy
AAAAAAAAAAAALAAA|Salinas, Cathy
AAAAAAAAAAAALAAA|Salinas, Cathy
AAAAAAAAAAAALAAA|Salinas, Cathy
AAAAAAAAAAAALAAA|Salinas, Cathy
AAAAAAAAAAAALAAA|Salinas, Cathy
AAAAAAAAAAAALAAA|Salinas, Cathy
AAAAAAAAAAAALAAA|Salinas, Cathy
