AAAAAAAAAAAAEEAA
AAAAAAAAAAACCFAA
AAAAAAAAAAADEAAA
AAAAAAAAAAAECAAA
AAAAAAAAAAAFCBAA
AAAAAAAAAAAFICAA
AAAAAAAAAAAFOEAA
AAAAAAAAAAAINDAA
AAAAAAAAAAAKCFAA
AAAAAAAAAAALEEAA
AAAAAAAAAAALLAAA
AAAAAAAAAAALMEAA
AAAAAAAAAAALPCAA
AAAAAAAAAAAMIEAA
AAAAAAAAAAANCAAA
AAAAAAAAAAANDBAA
AAAAAAAAAAANMDAA
AAAAAAAAAAAPNAAA
AAAAAAAAAABAKAAA
AAAAAAAAAABDCDAA
AAAAAAAAAABECBAA
AAAAAAAAAABGKEAA
AAAAAAAAAABHFEAA
AAAAAAAAAABIJBAA
AAAAAAAAAABKIDAA
AAAAAAAAAABNHBAA
AAAAAAAAAABOABAA
AAAAAAAAAABOADAA
AAAAAAAAAABOJDAA
AAAAAAAAAABOKAAA
AAAAAAAAAABPECAA
AAAAAAAAAABPIEAA
AAAAAAAAAABPLEAA
AAAAAAAAAABPMDAA
AAAAAAAAAABPNCAA
AAAAAAAAAACAGEAA
AAAAAAAAAACCHCAA
AAAAAAAAAACDMAAA
AAAAAAAAAACFFDAA
AAAAAAAAAACFNEAA
AAAAAAAAAACGDDAA
AAAAAAAAAACGFCAA
AAAAAAAAAACGMEAA
AAAAAAAAAACHBBAA
AAAAAAAAAACJJCAA
AAAAAAAAAACOCAAA
AAAAAAAAAADCFAAA
AAAAAAAAAADCKBAA
AAAAAAAAAADEIDAA
AAAAAAAAAADEMCAA
AAAAAAAAAADFDCAA
AAAAAAAAAADFDDAA
AAAAAAAAAADFIEAA
AAAAAAAAAADFLBAA
AAAAAAAAAADGODAA
AAAAAAAAAADJMEAA
AAAAAAAAAADKCDAA
AAAAAAAAAADKIEAA
AAAAAAAAAADKKEAA
AAAAAAAAAADLDDAA
AAAAAAAAAADLMEAA
AAAAAAAAAADMGCAA
AAAAAAAAAAEABDAA
AAAAAAAAAAEBLDAA
AAAAAAAAAAEBNEAA
AAAAAAAAAAEEICAA
AAAAAAAAAAEEJAAA
AAAAAAAAAAEEOAAA
AAAAAAAAAAEGGEAA
AAAAAAAAAAEHFDAA
AAAAAAAAAAEHIBAA
AAAAAAAAAAEHLDAA
AAAAAAAAAAEINCAA
AAAAAAAAAAEJJCAA
AAAAAAAAAAEMMCAA
AAAAAAAAAAEMOBAA
AAAAAAAAAAEMOBAA
AAAAAAAAAAENFDAA
AAAAAAAAAAEOICAA
AAAAAAAAAAEPNBAA
AAAAAAAAAAFBFEAA
AAAAAAAAAAFBHAAA
AAAAAAAAAAFBLDAA
AAAAAAAAAAFBODAA
AAAAAAAAAAFCFBAA
AAAAAAAAAAFCMEAA
AAAAAAAAAAFCOCAA
AAAAAAAAAAFGACAA
AAAAAAAAAAFGBBAA
AAAAAAAAAAFINCAA
AAAAAAAAAAFKOEAA
AAAAAAAAAAFMCFAA
AAAAAAAAAAFMNCAA
AAAAAAAAAAFNODAA
AAAAAAAAAAFOLDAA
AAAAAAAAAAGAGCAA
AAAAAAAAAAGCJEAA
AAAAAAAAAAGCPDAA
AAAAAAAAAAGEBBAA
AAAAAAAAAAGFBAAA
